// Jest Snapshot v1, https://goo.gl/fbAQLP

exports[`Counting nodes it is good with memory 1`] = `
<View
  style={
    Object {
      "alignItems": "center",
      "borderColor": "red",
      "borderWidth": 1,
      "flex": 1,
      "flexDirection": "column",
      "justifyContent": "center",
    }
  }
>
  <Image
    source={
      Object {
        "testUri": "./example.png",
      }
    }
  />
  <Text
    accessible={true}
    allowFontScaling={true}
    ellipsizeMode="tail"
  >
    Hello folks
  </Text>
  <View
    style={
      Object {
        "backgroundColor": "powderblue",
        "height": 50,
        "width": 50,
      }
    }
  />
  <Text
    accessible={true}
    allowFontScaling={true}
    ellipsizeMode="tail"
    style={
      Object {
        "maxWidth": 100,
      }
    }
  >
    Ok 
    <Text
      accessible={true}
      allowFontScaling={true}
      ellipsizeMode="tail"
      style={
        Object {
          "fontWeight": "bold",
        }
      }
    >
      here
    </Text>
     is something 
    <Text
      accessible={true}
      allowFontScaling={true}
      ellipsizeMode="tail"
      style={
        Object {
          "fontStyle": "italic",
        }
      }
    >
      long that 
    </Text>
    is going to wrap for me.
  </Text>
  <View
    style={
      Object {
        "backgroundColor": "skyblue",
        "height": 50,
        "width": 50,
      }
    }
  />
  <View
    style={
      Object {
        "backgroundColor": "steelblue",
        "height": 50,
        "width": 50,
      }
    }
  />
  <View
    style={
      Object {
        "backgroundColor": "green",
        "padding": 10,
      }
    }
  >
    <View
      style={
        Object {
          "backgroundColor": "blue",
          "padding": 10,
        }
      }
    />
  </View>
</View>
`;
